// Jest Snapshot v1, https://goo.gl/fbAQLP

exports[`<Home /> should render the heading 1`] = `
<h1>
  This is a Bolerplate!
</h1>
`
